  █████▒▓█████ ▓█████▄ ▓█████  ██▀███   ▄▄▄     ▄▄▄█████▓ ██▓ ▒█████   ███▄    █     ▄▄▄      ▓█████▄  ▄▄▄       ██▓███  ▄▄▄█████▓▓█████  ██▀███
▓██   ▒ ▓█   ▀ ▒██▀ ██▌▓█   ▀ ▓██ ▒ ██▒▒████▄   ▓  ██▒ ▓▒▓██▒▒██▒  ██▒ ██ ▀█   █    ▒████▄    ▒██▀ ██▌▒████▄    ▓██░  ██▒▓  ██▒ ▓▒▓█   ▀ ▓██ ▒ ██▒
▒████ ░ ▒███   ░██   █▌▒███   ▓██ ░▄█ ▒▒██  ▀█▄ ▒ ▓██░ ▒░▒██▒▒██░  ██▒▓██  ▀█ ██▒   ▒██  ▀█▄  ░██   █▌▒██  ▀█▄  ▓██░ ██▓▒▒ ▓██░ ▒░▒███   ▓██ ░▄█ ▒
░▓█▒  ░ ▒▓█  ▄ ░▓█▄   ▌▒▓█  ▄ ▒██▀▀█▄  ░██▄▄▄▄██░ ▓██▓ ░ ░██░▒██   ██░▓██▒  ▐▌██▒   ░██▄▄▄▄██ ░▓█▄   ▌░██▄▄▄▄██ ▒██▄█▓▒ ▒░ ▓██▓ ░ ▒▓█  ▄ ▒██▀▀█▄
░▒█░    ░▒████▒░▒████▓ ░▒████▒░██▓ ▒██▒ ▓█   ▓██▒ ▒██▒ ░ ░██░░ ████▓▒░▒██░   ▓██░    ▓█   ▓██▒░▒████▓  ▓█   ▓██▒▒██▒ ░  ░  ▒██▒ ░ ░▒████▒░██▓ ▒██▒
 ▒ ░    ░░ ▒░ ░ ▒▒▓  ▒ ░░ ▒░ ░░ ▒▓ ░▒▓░ ▒▒   ▓▒█░ ▒ ░░   ░▓  ░ ▒░▒░▒░ ░ ▒░   ▒ ▒     ▒▒   ▓▒█░ ▒▒▓  ▒  ▒▒   ▓▒█░▒▓▒░ ░  ░  ▒ ░░   ░░ ▒░ ░░ ▒▓ ░▒▓░
 ░       ░ ░  ░ ░ ▒  ▒  ░ ░  ░  ░▒ ░ ▒░  ▒   ▒▒ ░   ░     ▒ ░  ░ ▒ ▒░ ░ ░░   ░ ▒░     ▒   ▒▒ ░ ░ ▒  ▒   ▒   ▒▒ ░░▒ ░         ░     ░ ░  ░  ░▒ ░ ▒░
 ░ ░       ░    ░ ░  ░    ░     ░░   ░   ░   ▒    ░       ▒ ░░ ░ ░ ▒     ░   ░ ░      ░   ▒    ░ ░  ░   ░   ▒   ░░         ░         ░     ░░   ░
           ░  ░   ░       ░  ░   ░           ░  ░         ░      ░ ░           ░          ░  ░   ░          ░  ░                     ░  ░   ░
                ░                                                                              ░
2026-05-05T11:16:01.104+03:00  INFO 5311 --- [adapter] [           main] c.r.f.adapter.AdapterApplication         : Starting AdapterApplication v0.0.1-SNAPSHOT using Java 21.0.10 with PID 5311 (/home/mzouros/Documents/Projects/federation-adapter/target/adapter-0.0.1-SNAPSHOT.jar started by mzouros in /home/mzouros/Documents/Projects/federation-adapter)
2026-05-05T11:16:01.105+03:00  INFO 5311 --- [adapter] [           main] c.r.f.adapter.AdapterApplication         : No active profile set, falling back to 1 default profile: "default"
2026-05-05T11:16:01.728+03:00  INFO 5311 --- [adapter] [           main] o.s.b.w.embedded.tomcat.TomcatWebServer  : Tomcat initialized with port 8090 (http)
2026-05-05T11:16:01.735+03:00  INFO 5311 --- [adapter] [           main] o.apache.catalina.core.StandardService   : Starting service [Tomcat]
2026-05-05T11:16:01.735+03:00  INFO 5311 --- [adapter] [           main] o.apache.catalina.core.StandardEngine    : Starting Servlet engine: [Apache Tomcat/10.1.42]
2026-05-05T11:16:01.754+03:00  INFO 5311 --- [adapter] [           main] o.a.c.c.C.[Tomcat].[localhost].[/api]    : Initializing Spring embedded WebApplicationContext
2026-05-05T11:16:01.755+03:00  INFO 5311 --- [adapter] [           main] w.s.c.ServletWebServerApplicationContext : Root WebApplicationContext: initialization completed in 628 ms
2026-05-05T11:16:02.235+03:00  INFO 5311 --- [adapter] [           main] o.s.b.w.embedded.tomcat.TomcatWebServer  : Tomcat started on port 8090 (http) with context path '/api'
2026-05-05T11:16:02.243+03:00  INFO 5311 --- [adapter] [           main] c.r.f.adapter.AdapterApplication         : Started AdapterApplication in 1.362 seconds (process running for 1.64)
2026-05-05T11:16:10.433+03:00  INFO 5311 --- [adapter] [nio-8090-exec-1] o.a.c.c.C.[Tomcat].[localhost].[/api]    : Initializing Spring DispatcherServlet 'dispatcherServlet'
2026-05-05T11:16:10.434+03:00  INFO 5311 --- [adapter] [nio-8090-exec-1] o.s.web.servlet.DispatcherServlet        : Initializing Servlet 'dispatcherServlet'
2026-05-05T11:16:10.434+03:00  INFO 5311 --- [adapter] [nio-8090-exec-1] o.s.web.servlet.DispatcherServlet        : Completed initialization in 0 ms
2026-05-05T14:25:09.875+03:00  WARN 5311 --- [adapter] [nio-8090-exec-2] c.r.f.adapter.service.NodeResolver       : Failed to fetch capabilities from node endpoint https://providers.sandbox.eosc-beyond.eu/node/endpoint

org.springframework.web.client.HttpServerErrorException$BadGateway: 502 Bad Gateway: "<html><EOL><EOL><head><title>502 Bad Gateway</title></head><EOL><EOL><body><EOL><EOL><center><h1>502 Bad Gateway</h1></center><EOL><EOL><hr><center>nginx</center><EOL><EOL></body><EOL><EOL></html><EOL><EOL>"
	at org.springframework.web.client.HttpServerErrorException.create(HttpServerErrorException.java:108) ~[spring-web-6.2.8.jar!/:6.2.8]
	at org.springframework.web.client.StatusHandler.lambda$defaultHandler$3(StatusHandler.java:89) ~[spring-web-6.2.8.jar!/:6.2.8]
	at org.springframework.web.client.StatusHandler.handle(StatusHandler.java:146) ~[spring-web-6.2.8.jar!/:6.2.8]
	at org.springframework.web.client.DefaultRestClient$DefaultResponseSpec.applyStatusHandlers(DefaultRestClient.java:831) ~[spring-web-6.2.8.jar!/:6.2.8]
	at org.springframework.web.client.DefaultRestClient$DefaultResponseSpec.lambda$readBody$4(DefaultRestClient.java:820) ~[spring-web-6.2.8.jar!/:6.2.8]
	at org.springframework.web.client.DefaultRestClient.readWithMessageConverters(DefaultRestClient.java:216) ~[spring-web-6.2.8.jar!/:6.2.8]
	at org.springframework.web.client.DefaultRestClient$DefaultResponseSpec.readBody(DefaultRestClient.java:819) ~[spring-web-6.2.8.jar!/:6.2.8]
	at org.springframework.web.client.DefaultRestClient$DefaultResponseSpec.lambda$body$0(DefaultRestClient.java:750) ~[spring-web-6.2.8.jar!/:6.2.8]
	at org.springframework.web.client.DefaultRestClient$DefaultRequestBodyUriSpec.exchangeInternal(DefaultRestClient.java:579) ~[spring-web-6.2.8.jar!/:6.2.8]
	at org.springframework.web.client.DefaultRestClient$DefaultRequestBodyUriSpec.exchange(DefaultRestClient.java:533) ~[spring-web-6.2.8.jar!/:6.2.8]
	at org.springframework.web.client.RestClient$RequestHeadersSpec.exchange(RestClient.java:680) ~[spring-web-6.2.8.jar!/:6.2.8]
	at org.springframework.web.client.DefaultRestClient$DefaultResponseSpec.executeAndExtract(DefaultRestClient.java:814) ~[spring-web-6.2.8.jar!/:6.2.8]
	at org.springframework.web.client.DefaultRestClient$DefaultResponseSpec.body(DefaultRestClient.java:750) ~[spring-web-6.2.8.jar!/:6.2.8]
	at com.registry.federation.adapter.service.NodeResolver.fetchCapabilities(NodeResolver.java:89) ~[!/:0.0.1-SNAPSHOT]
	at com.registry.federation.adapter.service.NodeResolver.populateCapabilities(NodeResolver.java:70) ~[!/:0.0.1-SNAPSHOT]
	at java.base/java.util.stream.ReferencePipeline$3$1.accept(ReferencePipeline.java:197) ~[na:na]
	at java.base/java.util.ArrayList$ArrayListSpliterator.forEachRemaining(ArrayList.java:1708) ~[na:na]
	at java.base/java.util.stream.AbstractPipeline.copyInto(AbstractPipeline.java:509) ~[na:na]
	at java.base/java.util.stream.AbstractPipeline.wrapAndCopyInto(AbstractPipeline.java:499) ~[na:na]
	at java.base/java.util.stream.AbstractPipeline.evaluate(AbstractPipeline.java:575) ~[na:na]
	at java.base/java.util.stream.AbstractPipeline.evaluateToArrayNode(AbstractPipeline.java:260) ~[na:na]
	at java.base/java.util.stream.ReferencePipeline.toArray(ReferencePipeline.java:616) ~[na:na]
	at java.base/java.util.stream.ReferencePipeline.toArray(ReferencePipeline.java:622) ~[na:na]
	at java.base/java.util.stream.ReferencePipeline.toList(ReferencePipeline.java:627) ~[na:na]
	at com.registry.federation.adapter.service.NodeResolver.fetchNodes(NodeResolver.java:66) ~[!/:0.0.1-SNAPSHOT]
	at com.registry.federation.adapter.service.AggregatingService.createPage(AggregatingService.java:215) ~[!/:0.0.1-SNAPSHOT]
	at com.registry.federation.adapter.service.AggregatingService.getMergedPagedResults(AggregatingService.java:127) ~[!/:0.0.1-SNAPSHOT]
	at com.registry.federation.adapter.controller.AggregationController.getAllPublicServices(AggregationController.java:53) ~[!/:0.0.1-SNAPSHOT]
	at java.base/jdk.internal.reflect.DirectMethodHandleAccessor.invoke(DirectMethodHandleAccessor.java:103) ~[na:na]
	at java.base/java.lang.reflect.Method.invoke(Method.java:580) ~[na:na]
	at org.springframework.web.method.support.InvocableHandlerMethod.doInvoke(InvocableHandlerMethod.java:258) ~[spring-web-6.2.8.jar!/:6.2.8]
	at org.springframework.web.method.support.InvocableHandlerMethod.invokeForRequest(InvocableHandlerMethod.java:191) ~[spring-web-6.2.8.jar!/:6.2.8]
	at org.springframework.web.servlet.mvc.method.annotation.ServletInvocableHandlerMethod.invokeAndHandle(ServletInvocableHandlerMethod.java:118) ~[spring-webmvc-6.2.8.jar!/:6.2.8]
	at org.springframework.web.servlet.mvc.method.annotation.RequestMappingHandlerAdapter.invokeHandlerMethod(RequestMappingHandlerAdapter.java:986) ~[spring-webmvc-6.2.8.jar!/:6.2.8]
	at org.springframework.web.servlet.mvc.method.annotation.RequestMappingHandlerAdapter.handleInternal(RequestMappingHandlerAdapter.java:891) ~[spring-webmvc-6.2.8.jar!/:6.2.8]
	at org.springframework.web.servlet.mvc.method.AbstractHandlerMethodAdapter.handle(AbstractHandlerMethodAdapter.java:87) ~[spring-webmvc-6.2.8.jar!/:6.2.8]
	at org.springframework.web.servlet.DispatcherServlet.doDispatch(DispatcherServlet.java:1089) ~[spring-webmvc-6.2.8.jar!/:6.2.8]
	at org.springframework.web.servlet.DispatcherServlet.doService(DispatcherServlet.java:979) ~[spring-webmvc-6.2.8.jar!/:6.2.8]
	at org.springframework.web.servlet.FrameworkServlet.processRequest(FrameworkServlet.java:1014) ~[spring-webmvc-6.2.8.jar!/:6.2.8]
	at org.springframework.web.servlet.FrameworkServlet.doGet(FrameworkServlet.java:903) ~[spring-webmvc-6.2.8.jar!/:6.2.8]
	at jakarta.servlet.http.HttpServlet.service(HttpServlet.java:564) ~[tomcat-embed-core-10.1.42.jar!/:6.0.0]
	at org.springframework.web.servlet.FrameworkServlet.service(FrameworkServlet.java:885) ~[spring-webmvc-6.2.8.jar!/:6.2.8]
	at jakarta.servlet.http.HttpServlet.service(HttpServlet.java:658) ~[tomcat-embed-core-10.1.42.jar!/:6.0.0]
	at org.apache.catalina.core.ApplicationFilterChain.internalDoFilter(ApplicationFilterChain.java:195) ~[tomcat-embed-core-10.1.42.jar!/:na]
	at org.apache.catalina.core.ApplicationFilterChain.doFilter(ApplicationFilterChain.java:140) ~[tomcat-embed-core-10.1.42.jar!/:na]
	at org.apache.tomcat.websocket.server.WsFilter.doFilter(WsFilter.java:51) ~[tomcat-embed-websocket-10.1.42.jar!/:na]
	at org.apache.catalina.core.ApplicationFilterChain.internalDoFilter(ApplicationFilterChain.java:164) ~[tomcat-embed-core-10.1.42.jar!/:na]
	at org.apache.catalina.core.ApplicationFilterChain.doFilter(ApplicationFilterChain.java:140) ~[tomcat-embed-core-10.1.42.jar!/:na]
	at org.springframework.web.filter.RequestContextFilter.doFilterInternal(RequestContextFilter.java:100) ~[spring-web-6.2.8.jar!/:6.2.8]
	at org.springframework.web.filter.OncePerRequestFilter.doFilter(OncePerRequestFilter.java:116) ~[spring-web-6.2.8.jar!/:6.2.8]
	at org.apache.catalina.core.ApplicationFilterChain.internalDoFilter(ApplicationFilterChain.java:164) ~[tomcat-embed-core-10.1.42.jar!/:na]
	at org.apache.catalina.core.ApplicationFilterChain.doFilter(ApplicationFilterChain.java:140) ~[tomcat-embed-core-10.1.42.jar!/:na]
	at org.springframework.web.filter.FormContentFilter.doFilterInternal(FormContentFilter.java:93) ~[spring-web-6.2.8.jar!/:6.2.8]
	at org.springframework.web.filter.OncePerRequestFilter.doFilter(OncePerRequestFilter.java:116) ~[spring-web-6.2.8.jar!/:6.2.8]
	at org.apache.catalina.core.ApplicationFilterChain.internalDoFilter(ApplicationFilterChain.java:164) ~[tomcat-embed-core-10.1.42.jar!/:na]
	at org.apache.catalina.core.ApplicationFilterChain.doFilter(ApplicationFilterChain.java:140) ~[tomcat-embed-core-10.1.42.jar!/:na]
	at org.springframework.web.filter.CharacterEncodingFilter.doFilterInternal(CharacterEncodingFilter.java:201) ~[spring-web-6.2.8.jar!/:6.2.8]
	at org.springframework.web.filter.OncePerRequestFilter.doFilter(OncePerRequestFilter.java:116) ~[spring-web-6.2.8.jar!/:6.2.8]
	at org.apache.catalina.core.ApplicationFilterChain.internalDoFilter(ApplicationFilterChain.java:164) ~[tomcat-embed-core-10.1.42.jar!/:na]
	at org.apache.catalina.core.ApplicationFilterChain.doFilter(ApplicationFilterChain.java:140) ~[tomcat-embed-core-10.1.42.jar!/:na]
	at org.apache.catalina.core.StandardWrapperValve.invoke(StandardWrapperValve.java:167) ~[tomcat-embed-core-10.1.42.jar!/:na]
	at org.apache.catalina.core.StandardContextValve.invoke(StandardContextValve.java:90) ~[tomcat-embed-core-10.1.42.jar!/:na]
	at org.apache.catalina.authenticator.AuthenticatorBase.invoke(AuthenticatorBase.java:483) ~[tomcat-embed-core-10.1.42.jar!/:na]
	at org.apache.catalina.core.StandardHostValve.invoke(StandardHostValve.java:116) ~[tomcat-embed-core-10.1.42.jar!/:na]
	at org.apache.catalina.valves.ErrorReportValve.invoke(ErrorReportValve.java:93) ~[tomcat-embed-core-10.1.42.jar!/:na]
	at org.apache.catalina.core.StandardEngineValve.invoke(StandardEngineValve.java:74) ~[tomcat-embed-core-10.1.42.jar!/:na]
	at org.apache.catalina.connector.CoyoteAdapter.service(CoyoteAdapter.java:344) ~[tomcat-embed-core-10.1.42.jar!/:na]
	at org.apache.coyote.http11.Http11Processor.service(Http11Processor.java:398) ~[tomcat-embed-core-10.1.42.jar!/:na]
	at org.apache.coyote.AbstractProcessorLight.process(AbstractProcessorLight.java:63) ~[tomcat-embed-core-10.1.42.jar!/:na]
	at org.apache.coyote.AbstractProtocol$ConnectionHandler.process(AbstractProtocol.java:903) ~[tomcat-embed-core-10.1.42.jar!/:na]
	at org.apache.tomcat.util.net.NioEndpoint$SocketProcessor.doRun(NioEndpoint.java:1769) ~[tomcat-embed-core-10.1.42.jar!/:na]
	at org.apache.tomcat.util.net.SocketProcessorBase.run(SocketProcessorBase.java:52) ~[tomcat-embed-core-10.1.42.jar!/:na]
	at org.apache.tomcat.util.threads.ThreadPoolExecutor.runWorker(ThreadPoolExecutor.java:1189) ~[tomcat-embed-core-10.1.42.jar!/:na]
	at org.apache.tomcat.util.threads.ThreadPoolExecutor$Worker.run(ThreadPoolExecutor.java:658) ~[tomcat-embed-core-10.1.42.jar!/:na]
	at org.apache.tomcat.util.threads.TaskThread$WrappingRunnable.run(TaskThread.java:63) ~[tomcat-embed-core-10.1.42.jar!/:na]
	at java.base/java.lang.Thread.run(Thread.java:1583) ~[na:na]

2026-05-07T16:11:29.457+03:00  INFO 5311 --- [adapter] [io-8090-exec-10] o.apache.coyote.http11.Http11Processor   : Error parsing HTTP request header
 Note: further occurrences of HTTP request parsing errors will be logged at DEBUG level.

java.lang.IllegalArgumentException: Invalid character found in the request target [/api/federation/services?access_types=[access_type-virtual,access_type-remote] ]. The valid characters are defined in RFC 7230 and RFC 3986
	at org.apache.coyote.http11.Http11InputBuffer.parseRequestLine(Http11InputBuffer.java:478) ~[tomcat-embed-core-10.1.42.jar!/:na]
	at org.apache.coyote.http11.Http11Processor.service(Http11Processor.java:271) ~[tomcat-embed-core-10.1.42.jar!/:na]
	at org.apache.coyote.AbstractProcessorLight.process(AbstractProcessorLight.java:63) ~[tomcat-embed-core-10.1.42.jar!/:na]
	at org.apache.coyote.AbstractProtocol$ConnectionHandler.process(AbstractProtocol.java:903) ~[tomcat-embed-core-10.1.42.jar!/:na]
	at org.apache.tomcat.util.net.NioEndpoint$SocketProcessor.doRun(NioEndpoint.java:1769) ~[tomcat-embed-core-10.1.42.jar!/:na]
	at org.apache.tomcat.util.net.SocketProcessorBase.run(SocketProcessorBase.java:52) ~[tomcat-embed-core-10.1.42.jar!/:na]
	at org.apache.tomcat.util.threads.ThreadPoolExecutor.runWorker(ThreadPoolExecutor.java:1189) ~[tomcat-embed-core-10.1.42.jar!/:na]
	at org.apache.tomcat.util.threads.ThreadPoolExecutor$Worker.run(ThreadPoolExecutor.java:658) ~[tomcat-embed-core-10.1.42.jar!/:na]
	at org.apache.tomcat.util.threads.TaskThread$WrappingRunnable.run(TaskThread.java:63) ~[tomcat-embed-core-10.1.42.jar!/:na]
	at java.base/java.lang.Thread.run(Thread.java:1583) ~[na:na]

